<testsuites id="" name="" tests="1" failures="0" skipped="0" errors="0" time="43.293504999999996">
<testsuite name="employee.spec.ts" timestamp="2026-01-05T12:22:13.400Z" hostname="" tests="1" failures="0" skipped="0" time="37.021" errors="0">
<testcase name="PIM - Add Employee › Add employee with random data, verify created, then edit (using existing methods only)" classname="employee.spec.ts" time="37.021">
<system-err>
<![CDATA[[@faker-js/faker]: faker.internet.userName() is deprecated since v9.1.0 and will be removed in v10.0.0. Please use faker.internet.username() instead.
]]>
</system-err>
</testcase>
</testsuite>
</testsuites>